============================================================
[*] batch_run_and_export starting
[*] auto_wait (initial)
[*] idb = C:\dev\yendor\yendor3\yendor3.idb
[*] ARGV = ['C:\\dev\\yendor\\yendor3\\ida_scripts\\batch_run_and_export.py', 'apply_bindiff_high_confidence.py']
[*] reading apply_bindiff_high_confidence.py
[*] executing apply_bindiff_high_confidence.py
[*] captured stdout from target script:
----- begin target script output -----
0x23f36  'sub_23F36' -> 'ShowCharacterSkills': ok
0x121eb  'sub_121EB' -> 'RunShopScreen': ok
0x199b4  'sub_199B4' -> 'UseTrainingItem': ok
0x10f9e  'sub_10F9E' -> 'ProcessMonsterAttackTurn': ok
0x175e2  'sub_175E2' -> 'ShowClueBookSpellDetail': ok
0x20f9a  'sub_20F9A' -> 'ShowItemPurchaseConfirmPrompt': ok
0x12654  'sub_12654' -> 'ShowLockStatus': ok
0x25b1a  'sub_25B1A' -> 'HandlePartyStatusPanelInput': ok
0x1ee2c  'sub_1EE2C' -> 'InitGame': ok
0x109fa  'sub_109FA' -> 'RunDungeonGameLoop': ok
0x1ec05  'sub_1EC05' -> 'AdvanceGameClock': ok
0x1bb84  'sub_1BB84' -> 'PollKeyboardInput': ok
0x25688  'sub_25688' -> 'StepPaletteFadeRange': ok
0x2606b  'sub_2606B' -> 'DrawPartyMemberPortrait': ok
0x2db48  'sub_2DB48' -> 'InteractWithContainer': ok
0x25124  'sub_25124' -> 'InitializeNewGameWorldState': ok
0x13763  'sub_13763' -> 'ApplyEffectCost': ok
0x12ffe  'sub_12FFE' -> 'HandleMovementInput': ok
0x1c5c8  'sub_1C5C8' -> 'HighlightSelectedAbilityIcon': ok
0x1f44c  'sub_1F44C' -> 'LoadItemCatalogRecord': ok
0x225e6  'sub_225E6' -> 'SpawnMonsterInFacingDirection': ok
0x16c6b  'sub_16C6B' -> 'RunClueBookWeaponCategory': ok
0x2a4bf  'sub_2A4BF' -> 'DrawMouseCursor': ok
0x16b74  'sub_16B74' -> 'RunClueBookItemCategory': ok
0x10b10  'sub_10B10' -> 'HandleDungeonInput': ok
0x13ba3  'sub_13BA3' -> 'RunPartyInventoryScreen': ok
0x2dca1  'sub_2DCA1' -> 'MarkIneligiblePartyMembers': ok
0x1ae45  'sub_1AE45' -> 'IsPositionInTriggerList': ok
0x15db5  'sub_15DB5' -> 'RemoveMultiStatEffect': ok
0x28648  'sub_28648' -> 'TriggerSoundEvent': ok
0x206fe  'sub_206FE' -> 'RenderDungeonVanishingPoint': ok
0x16dc4  'sub_16DC4' -> 'ShowPagedEntryScreen': ok
0x15b88  'sub_15B88' -> 'ApplyMultiStatEffectForItem': ok
0x20af4  'sub_20AF4' -> 'BuildMinimapTileData': ok
0x20506  'sub_20506' -> 'RenderDungeonViewRow': ok
0x12aac  'sub_12AAC' -> 'UseItem': ok
0x12a1c  'sub_12A1C' -> 'SellClickedCatalogItem': ok
0x14188  'sub_14188' -> 'HandleItemDropOnPartyPortrait': ok
0x13447  'sub_13447' -> 'HandleSpecialCellEntry': ok
0x27112  'sub_27112' -> 'HandleStatusIconBarClick': ok
0x2c4e4  'sub_2C4E4' -> 'ApplyEncodedItemEffect': ok
0x1fe74  'sub_1FE74' -> 'RefreshDungeonMapWindow': ok
0x1d6a6  'sub_1D6A6' -> 'ApplyRestEffectsToCharacter': ok
0x26939  'sub_26939' -> 'GetInventorySlotPtr': ok
0x228c2  'sub_228C2' -> 'ProcessLevelMonsters': ok
0x1276b  'sub_1276B' -> 'UseAbilityCommand': ok
0x16cee  'sub_16CEE' -> 'RunClueBookSpellCategory': ok
0x13737  'sub_13737' -> 'DeductHPClamped': ok
0x2020b  'sub_2020B' -> 'DrawDungeonFloorAndCeiling': ok
0x278b0  'sub_278B0' -> 'ComputeAmbientLightingTable': ok
0x1731f  'sub_1731F' -> 'ShowWeaponDetailRow': ok
0x20605  'sub_20605' -> 'DrawDungeonCellWallTexture': ok
0x294f5  'sub_294F5' -> 'DrawRevealedCellIcon': ok
0x1de85  'sub_1DE85' -> 'InitializeDungeonLevel': ok
0x14ab5  'sub_14AB5' -> 'RunPartyMemberDetailScreen': ok
0x2c3e6  'sub_2C3E6' -> 'RepairItemCommand': ok
0x20bc8  'sub_20BC8' -> 'TryInteractAtPosition': ok
0x17429  'sub_17429' -> 'ShowItemAbilityEffectInfo': ok
0x20337  'sub_20337' -> 'DrawMonsterAndUpdateAttackState': ok
0x24f87  'sub_24F87' -> 'ApplySecondaryClassTierFlags': ok
0x1f8b6  'sub_1F8B6' -> 'DrawWallTypeLegendRow': ok
0x1f956  'sub_1F956' -> 'DrawFloorTypeLegendRow': ok
0x29dc9  'sub_29DC9' -> 'DrawViewportSprite': ok
0x2b066  'sub_2B066' -> 'RunConversation': ok
0x1c976  'sub_1C976' -> 'RunAlchemyScreen': ok
0x2abc8  'sub_2ABC8' -> 'HandleSearchCommand': ok
0x274f4  'sub_274F4' -> 'ConsumeItemChargeResource': ok
0x21388  'sub_21388' -> 'BuildClueLocationSuffix': ok

68 renamed, 0 failed, 68 total
----- end target script output -----
[*] finished executing apply_bindiff_high_confidence.py
[*] auto_wait (post-script)
[*] exporting ASM to C:\dev\yendor\yendor3\yendor3.asm
[*] gen_file(OFILE_ASM) returned 118628
[*] exporting IDC to C:\dev\yendor\yendor3\yendor3.idc
[*] gen_file(OFILE_IDC) returned 1
[*] saving database to C:\dev\yendor\yendor3\yendor3.idb
[*] done, exiting 0
============================================================
[*] batch_run_and_export starting
[*] auto_wait (initial)
[*] idb = C:\dev\yendor\yendor3\yendor3.idb
[*] ARGV = ['C:\\dev\\yendor\\yendor3\\ida_scripts\\batch_run_and_export.py', 'apply_round1_corrections.py']
[*] reading apply_round1_corrections.py
[*] executing apply_round1_corrections.py
[*] captured stdout from target script:
----- begin target script output -----
0x28c1a  'sub_28C1A' -> 'ErrorCheck': ok
0x128f4  'sub_128F4' -> 'TryHandleCatalogSlotClick': ok
0x1a5c5  'sub_1A5C5' -> 'RefreshMultiStatEffects': ok
0xfa00  '' -> 'g_soundDriverFarPtr': FAILED
----- end target script output -----
[*] finished executing apply_round1_corrections.py
[*] auto_wait (post-script)
[*] exporting ASM to C:\dev\yendor\yendor3\yendor3.asm
[*] gen_file(OFILE_ASM) returned 118628
[*] exporting IDC to C:\dev\yendor\yendor3\yendor3.idc
[*] gen_file(OFILE_IDC) returned 1
[*] saving database to C:\dev\yendor\yendor3\yendor3.idb
[*] done, exiting 0
============================================================
[*] batch_run_and_export starting
[*] auto_wait (initial)
[*] idb = C:\dev\yendor\yendor3\yendor3.idb
[*] ARGV = ['C:\\dev\\yendor\\yendor3\\ida_scripts\\batch_run_and_export.py', 'check_fa00.py', 'noexport']
[*] reading check_fa00.py
[*] executing check_fa00.py
[*] captured stdout from target script:
----- begin target script output -----
seg: None
is_loaded: False
flags: 0x0
get_name: ''
item_size: 1
----- end target script output -----
[*] finished executing check_fa00.py
[*] auto_wait (post-script)
[*] noexport requested -- skipping asm/idc export and save
[*] done, exiting 0
============================================================
[*] batch_run_and_export starting
[*] auto_wait (initial)
[*] idb = C:\dev\yendor\yendor3\yendor3.idb
[*] ARGV = ['C:\\dev\\yendor\\yendor3\\ida_scripts\\batch_run_and_export.py', 'apply_round2_findings.py']
[*] reading apply_round2_findings.py
[*] executing apply_round2_findings.py
[*] captured stdout from target script:
----- begin target script output -----
0xcf81  '' -> 'g_partySlotAssignment': FAILED
0x26d47  'sub_26D47' -> 'ClearCharacterFromPartySlots': ok
0x26d2e  'sub_26D2E' -> 'ReassignPartySlotReference': ok
0x1b704  'sub_1B704' -> 'ApplyScriptedMapCellOverrides': ok
0x1d76b  'sub_1D76B' -> 'RefreshMultiStatEffectsAlt': ok
----- end target script output -----
[*] finished executing apply_round2_findings.py
[*] auto_wait (post-script)
[*] exporting ASM to C:\dev\yendor\yendor3\yendor3.asm
[*] gen_file(OFILE_ASM) returned 118628
[*] exporting IDC to C:\dev\yendor\yendor3\yendor3.idc
[*] gen_file(OFILE_IDC) returned 1
[*] saving database to C:\dev\yendor\yendor3\yendor3.idb
[*] done, exiting 0
============================================================
[*] batch_run_and_export starting
[*] auto_wait (initial)
[*] idb = C:\dev\yendor\yendor3\yendor3.idb
[*] ARGV = ['C:\\dev\\yendor\\yendor3\\ida_scripts\\batch_run_and_export.py', 'apply_round3_findings.py']
[*] reading apply_round3_findings.py
[*] executing apply_round3_findings.py
[*] captured stdout from target script:
----- begin target script output -----
0xcf63  '' -> 'g_driverStateFlags': FAILED
0x11318  'sub_11318' -> 'ResolveAttackerActionOutcome': ok
0x20657  'sub_20657' -> 'TryDrawDungeonCellSideFeature': ok
0x137d9  'sub_137D9' -> 'ApplyIconBarStatDelta': ok
0x1d27b  'sub_1D27B' -> 'DrawAlchemyStatusPanel': ok
0x1fc03  'sub_1FC03' -> 'DrawMapEditorInteractionTypeOverlay': ok
0x2065f  'sub_2065F' -> 'DrawDungeonCellSideFeature': ok
0x2559f  'sub_2559F' -> 'HasDroppableItemInInventory': ok
0x29afc  'sub_29AFC' -> 'DrawPicture': ok
0x17c78  'sub_17C78' -> 'ShowClueBookMonsterDetail': ok
0x1fd35  'sub_1FD35' -> 'DrawCellIconPair': ok
0x19312  'sub_19312' -> 'BuildItemUseMessage': ok
0x25512  'sub_25512' -> 'IsItemDroppable': ok
0x18398  'sub_18398' -> 'ShowArmorAttributeBonusList': ok
0x29868  'sub_29868' -> 'HandleGameCommand': ok
0x1a1b7  'sub_1A1B7' -> 'LoadItemData': ok
0x28868  'sub_28868' -> 'ParseSoundBlasterEnvironmentVariable': ok
0x255ff  'sub_255FF' -> 'HasDroppableItemInContainer': ok
0x155a3  'sub_155A3' -> 'IsDestinationUnlocked': ok
0x2488f  'sub_2488F' -> 'DrawCharacterStatSheet': ok
0x2952b  'sub_2952B' -> 'TryTravelToClickedMapCell': ok
----- end target script output -----
[*] finished executing apply_round3_findings.py
[*] auto_wait (post-script)
[*] exporting ASM to C:\dev\yendor\yendor3\yendor3.asm
[*] gen_file(OFILE_ASM) returned 118630
[*] exporting IDC to C:\dev\yendor\yendor3\yendor3.idc
[*] gen_file(OFILE_IDC) returned 1
[*] saving database to C:\dev\yendor\yendor3\yendor3.idb
[*] done, exiting 0
============================================================
[*] batch_run_and_export starting
[*] auto_wait (initial)
[*] idb = C:\dev\yendor\yendor3\yendor3.idb
[*] ARGV = ['C:\\dev\\yendor\\yendor3\\ida_scripts\\batch_run_and_export.py', 'apply_round3b_findings.py']
[*] reading apply_round3b_findings.py
[*] executing apply_round3b_findings.py
[*] captured stdout from target script:
----- begin target script output -----
0x14d10  'sub_14D10' -> 'DrawTrainingScreenStatSheet': ok
0x1d0f4  'sub_1D0F4' -> 'DrawAlchemySpellList': ok
0x2ad5a  'sub_2AD5A' -> 'ApplyMultiStatEffect': ok
0x1197c  'sub_1197C' -> 'ShowClueBook': ok
0x1b2ab  'sub_1B2AB' -> 'FindItemInInventoryRange': ok
0x2a98e  'sub_2A98E' -> 'DrawRleMaskedShadedRun': ok
0x1cfcc  'sub_1CFCC' -> 'CheckSpellCastability': ok
0x23af3  'sub_23AF3' -> 'ComputeDerivedCharacterStats': ok
0x217b2  'sub_217B2' -> 'DrawLocalMapCell': ok
0x25482  'sub_25482' -> 'IsMonsterStepBlocked': ok
0x22fd2  'sub_22FD2' -> 'DrawMonsterHealthBar': ok
0x200ce  'sub_200CE' -> 'RedrawDungeonScreen': ok
0x2aa1a  'sub_2AA1A' -> 'DrawRleScaledSpriteColumn': ok
0x2b547  'sub_2B547' -> 'DrawWeaponSelectIcon': ok
0x2ae05  'sub_2AE05' -> 'RestCharacter': ok
0x1abd2  'sub_1ABD2' -> 'ApplyMapTriggerEffect': ok
0x20103  'sub_20103' -> 'RefreshDungeonScreen': ok
0x12f93  'sub_12F93' -> 'ClassifyObstacleAtViewportRow': ok
----- end target script output -----
[*] finished executing apply_round3b_findings.py
[*] auto_wait (post-script)
[*] exporting ASM to C:\dev\yendor\yendor3\yendor3.asm
[*] gen_file(OFILE_ASM) returned 118630
[*] exporting IDC to C:\dev\yendor\yendor3\yendor3.idc
[*] gen_file(OFILE_IDC) returned 1
[*] saving database to C:\dev\yendor\yendor3\yendor3.idb
[*] done, exiting 0
============================================================
[*] batch_run_and_export starting
[*] auto_wait (initial)
[*] idb = C:\dev\yendor\yendor3\yendor3.idb
[*] ARGV = ['C:\\dev\\yendor\\yendor3\\ida_scripts\\batch_run_and_export.py', 'apply_round4_findings.py']
[*] reading apply_round4_findings.py
[*] executing apply_round4_findings.py
[*] captured stdout from target script:
----- begin target script output -----
0x202f7  'sub_202F7' -> 'ExtendDungeonFloorTexture': ok
0x1728f  'sub_1728F' -> 'ShowHealingItemPercentInfo': ok
0x16447  'sub_16447' -> 'ConfirmAndValidatePartyTarget': ok
0x12eea  'sub_12EEA' -> 'ClassifyFloorType': ok
0x2c1e8  'sub_2C1E8' -> 'FadePaletteStep': ok
0x1fd70  'sub_1FD70' -> 'TickStatusEffects': ok
0x12f13  'sub_12F13' -> 'IsCellTypeImpassable': ok
0x1eb7c  'sub_1EB7C' -> 'TickAilmentDuration': ok
0x2bb7c  'sub_2BB7C' -> 'RunCharacterCreation': ok
0x2c2ca  'sub_2C2CA' -> 'PlayCharacterCreationOpeningSetup': ok
0x2bcd1  'sub_2BCD1' -> 'PlayCharacterCreationOpeningSequence': ok
0x2c3b4  'sub_2C3B4' -> 'WaitForSoundDriverThenTicks': ok
----- end target script output -----
[*] finished executing apply_round4_findings.py
[*] auto_wait (post-script)
[*] exporting ASM to C:\dev\yendor\yendor3\yendor3.asm
[*] gen_file(OFILE_ASM) returned 118632
[*] exporting IDC to C:\dev\yendor\yendor3\yendor3.idc
[*] gen_file(OFILE_IDC) returned 1
[*] saving database to C:\dev\yendor\yendor3\yendor3.idb
[*] done, exiting 0
============================================================
[*] batch_run_and_export starting
[*] auto_wait (initial)
[*] idb = C:\dev\yendor\yendor3\yendor3.idb
[*] ARGV = ['C:\\dev\\yendor\\yendor3\\ida_scripts\\batch_run_and_export.py', 'apply_round4b.py']
[*] reading apply_round4b.py
[*] executing apply_round4b.py
[*] captured stdout from target script:
----- begin target script output -----
0x2da90  'sub_2DA90' -> 'ExamineTarget': ok
----- end target script output -----
[*] finished executing apply_round4b.py
[*] auto_wait (post-script)
[*] exporting ASM to C:\dev\yendor\yendor3\yendor3.asm
[*] gen_file(OFILE_ASM) returned 118632
[*] exporting IDC to C:\dev\yendor\yendor3\yendor3.idc
[*] gen_file(OFILE_IDC) returned 1
[*] saving database to C:\dev\yendor\yendor3\yendor3.idb
[*] done, exiting 0
============================================================
[*] batch_run_and_export starting
[*] auto_wait (initial)
[*] idb = C:\dev\yendor\yendor3\yendor3.idb
[*] ARGV = ['C:\\dev\\yendor\\yendor3\\ida_scripts\\batch_run_and_export.py', 'apply_round5_findings.py']
[*] reading apply_round5_findings.py
[*] executing apply_round5_findings.py
[*] captured stdout from target script:
----- begin target script output -----
0x2121f  'sub_2121F' -> 'RedrawItemDescriptionAndMaterials': ok
0x201b1  'sub_201B1' -> 'ExtendDungeonCeilingTexture': ok
0x27184  'sub_27184' -> 'DrawResourceCounterPanel': ok
0x2971b  'sub_2971B' -> 'ShowAbilityDescriptionColumn': ok
0x2bc65  'sub_2BC65' -> 'ClearOffscreenBuffer': ok
0x188b2  'sub_188B2' -> 'RestoreClueBookBackgroundFromEMS': ok
0x16f2f  'sub_16F2F' -> 'ShowConsumableItemTypeLegend': ok
0x2825b  'sub_2825B' -> 'ShowGameClockCommand': ok
0x1709c  'sub_1709C' -> 'DrawItemTypeLegendAttributeRow': ok
0x170e7  'sub_170E7' -> 'DrawItemTypeLegendSkillRow': ok
0x1f040  'sub_1F040' -> 'InitGlobals': ok
0x18be4  'sub_18BE4' -> 'DrawMessageBox': ok
0x1d336  'sub_1D336' -> 'DeductAlchemySpellCosts': ok
0x10999  'sub_10999' -> 'TickTravelResourceAilments': ok
0x18b92  'sub_18B92' -> 'SaveClueBookBackgroundToEMS': ok
0x15512  'sub_15512' -> 'TravelToDestination': ok
0x2bbd3  'sub_2BBD3' -> 'FinalizeCharacterCreation': ok
0x17132  'sub_17132' -> 'AccumulateTextColumnWidth': ok
----- end target script output -----
[*] finished executing apply_round5_findings.py
[*] auto_wait (post-script)
[*] exporting ASM to C:\dev\yendor\yendor3\yendor3.asm
[*] gen_file(OFILE_ASM) returned 118635
[*] exporting IDC to C:\dev\yendor\yendor3\yendor3.idc
[*] gen_file(OFILE_IDC) returned 1
[*] saving database to C:\dev\yendor\yendor3\yendor3.idb
[*] done, exiting 0
============================================================
[*] batch_run_and_export starting
[*] auto_wait (initial)
[*] idb = C:\dev\yendor\yendor3\yendor3.idb
[*] ARGV = ['C:\\dev\\yendor\\yendor3\\ida_scripts\\batch_run_and_export.py', 'apply_round5b_findings.py']
[*] reading apply_round5b_findings.py
[*] executing apply_round5b_findings.py
[*] captured stdout from target script:
----- begin target script output -----
0x236b5  'sub_236B5' -> 'ShowStatusPanelMessage': ok
0x12f2b  'sub_12F2B' -> 'ClassifyObstacleAtWorldPosition': ok
0x1fdfe  'sub_1FDFE' -> 'ApplyStatusEffect': ok
0x1af19  'sub_1AF19' -> 'TickPartyAilmentIconBar': ok
0x2bdb0  'sub_2BDB0' -> 'PlayCharacterCreationIntroAnimation': ok
----- end target script output -----
[*] finished executing apply_round5b_findings.py
[*] auto_wait (post-script)
[*] exporting ASM to C:\dev\yendor\yendor3\yendor3.asm
[*] gen_file(OFILE_ASM) returned 118637
[*] exporting IDC to C:\dev\yendor\yendor3\yendor3.idc
[*] gen_file(OFILE_IDC) returned 1
[*] saving database to C:\dev\yendor\yendor3\yendor3.idb
[*] done, exiting 0
